8 roots of unity:
0:  1.000  0.000  1.000  0.000
1:  0.707  0.707  1.000 -0.000
2:  0.000  1.000  1.000 -0.000
3: -0.707  0.707  1.000 -0.000
4: -1.000  0.000  1.000 -0.000
5: -0.707 -0.707  1.000 -0.000
6: -0.000 -1.000  1.000 -0.000
7:  0.707 -0.707  1.000 -0.000
