8 roots of unity:
0: 1 0 1 0
1: 0.707107 0.707106 1 -5.05762e-06
2: 1.26759e-06 1 1 -1.01407e-05
3: -0.707105 0.707108 1 -1.51729e-05
4: -1 2.53518e-06 1 -2.02815e-05
5: -0.707109 -0.707104 1 -2.73112e-05
6: -3.80277e-06 -1 1 -3.04222e-05
7: 0.707104 -0.70711 1 -3.54034e-05
