  30	, 3	. 1	W 1	a 18
b 1	c 11	d 2	e 13	f 3
g 6	h 8	i 8	k 1	l 1
m 2	n 10	o 6	p 2	q 1
r 16	s 7	t 19	u 5	v 1
y 1	
