N = 1000 count = 168
N = 10000 count = 1229
N = 100000 count = 9592
N = 1000000 count = 78498
