0-6 0-4 0-2
1-3 1-4
2-5 2-0
3-1 3-6
4-0 4-1
5-2
6-0 6-3
