Aenean
Cras
Integer
Lorem
Maecenas
Mauris
Nulla
a
adipiscing
amet,
augue
commodo
consectetur
consequat,
dolor
dui
elit.
est
et
feugiat
finibus
iaculis
iaculis.
id
id
in
in,
ipsum
laoreet
lobortis
molestie
neque
nibh
nisi.
nunc
nunc
odio
ornare,
porta
pretium.
purus
sed
sit
sodales.
tempor.
tincidunt.
urna
ut
ut
vehicula
